// Jest Snapshot v1, https://goo.gl/fbAQLP

exports[`<HDCreatePasswordPage /> render component  1`] = `
<Component>
  <Provider
    store={
      Object {
        "clearActions": [Function],
        "dispatch": [Function],
        "getActions": [Function],
        "getState": [Function],
        "replaceReducer": [Function],
        "subscribe": [Function],
      }
    }
  >
    <Connect(HDCreatePasswordPage)>
      <HDCreatePasswordPage
        customizeSubmissionVM={null}
        dispatch={[Function]}
        multiCarFlag={false}
        onSetNewPassSuccess={[Function]}
        submissionVM={
          Object {
            "baseData": Object {
              "accountHolder": Object {
                "dateOfBirth": null,
              },
              "isExistingCustomer": false,
              "isPostalDocument": false,
              "jobType": "Submission",
              "marketingContacts": Object {
                "allowEmail": false,
                "allowPost": false,
                "allowSMS": false,
                "allowTelephone": false,
              },
              "periodStatus": "Draft",
              "policyAddress": Object {},
              "producerCode": "Default",
              "productCode": "PrivateCar_Ext",
              "productName": "Private Car",
              "termType": "Annual",
            },
            "lobData": Object {
              "privateCar": Object {
                "coverables": Object {
                  "addInterestTypeCategory": "PAVhcleAddlInterest",
                  "drivers": Array [
                    Object {
                      "claimsAndConvictions": Object {
                        "claimsDetailsCollection": Array [],
                        "convictionsCollection": Array [],
                      },
                      "licenceObtainedDate": null,
                      "person": Object {
                        "prefix": Object {},
                      },
                      "previousPoliciesInformation": Object {},
                      "residingInUKSince": null,
                      "tempID": "dd309e0e-8153-423c-aaa5-9930481060ad",
                    },
                  ],
                  "vehicleDrivers": Array [
                    Object {},
                  ],
                  "vehicles": Array [
                    Object {
                      "isCarModified": "",
                      "ncdProtection": Object {
                        "drivingExperience": Object {},
                      },
                      "tracker": "",
                      "vehicleModifications": Array [],
                      "vehicleWorth": "",
                    },
                  ],
                },
                "preQualQuestionSets": Array [],
              },
            },
          }
        }
        toggleContinueElement={[Function]}
      >
        <Row
          noGutters={false}
        >
          <div
            className="row"
          >
            <Col
              className="wizard-head create-password-head"
              xs={12}
            >
              <div
                className="wizard-head create-password-head col-12"
              >
                <Container
                  className="create-password-common-container"
                  fluid={false}
                >
                  <div
                    className="create-password-common-container container"
                  >
                    <HDLabelRefactor
                      Tag="h1"
                      adjustImagePosition={true}
                      className=""
                      text="Your payment has been taken, just one last thing..."
                    >
                      <h1
                        className=""
                      >
                        Your payment has been taken, just one last thing...
                      </h1>
                    </HDLabelRefactor>
                    <p
                      className="mb-0"
                    >
                      Please give us a password so we can set up your account. You'll then have 24/7 access to your policy and documents.
                    </p>
                  </div>
                </Container>
              </div>
            </Col>
          </div>
        </Row>
        <Container
          className="password-contents create-password-common-container create-password-container"
          fluid={false}
        >
          <div
            className="password-contents create-password-common-container create-password-container container"
          >
            <Row
              noGutters={false}
            >
              <div
                className="row"
              >
                <Col
                  className="px-mobile-0 create-password__password-col"
                  md={7}
                  xs={12}
                >
                  <div
                    className="px-mobile-0 create-password__password-col col-md-7 col-12"
                  >
                    <div
                      className="elevated-box create-password__password-wrapper"
                    >
                      <div
                        className="create-password__password-wrapper__container"
                      >
                        <HDLabelRefactor
                          Tag="h5"
                          adjustImagePosition={true}
                          className="create-password__password__header"
                          id="create-password-password-header"
                          text="Create password"
                        >
                          <h5
                            className="create-password__password__header"
                            id="create-password-password-header"
                          >
                            Create password
                          </h5>
                        </HDLabelRefactor>
                        <div
                          className="create-password__description d-none"
                        >
                          <HDLabelRefactor
                            Tag="span"
                            adjustImagePosition={true}
                            className="font-medium"
                          >
                            <span
                              className="font-medium"
                            />
                          </HDLabelRefactor>
                        </div>
                        <ForwardRef
                          appendContent={
                            <img
                              alt=""
                              onClick={[Function]}
                              src="Icons_Eye-on.svg"
                            />
                          }
                          className="create-password__input"
                          id="create-password-password-input"
                          name="pass"
                          onBeforeOpen={null}
                          onBlur={null}
                          onCancel={null}
                          onChange={[Function]}
                          onClick={null}
                          onConfirm={null}
                          onDelete={null}
                          onEdit={null}
                          onFocus={null}
                          onSelect={null}
                          type="password"
                          webAnalyticsEvent={
                            Object {
                              "event_action": "Summary - Payment processing",
                              "event_value": "New password",
                            }
                          }
                        >
                          <ForwardRef
                            allowLeadingZero={false}
                            appendContent={
                              <img
                                alt=""
                                onClick={[Function]}
                                src="Icons_Eye-on.svg"
                              />
                            }
                            appendLabel={null}
                            className="create-password__input"
                            customClassName=""
                            data={null}
                            disabled={false}
                            icon={null}
                            id="create-password-password-input"
                            inputMode={null}
                            isInvalidCustom={null}
                            mask={null}
                            maskChar="_"
                            maxLength={null}
                            name="pass"
                            onBlur={[Function]}
                            onChange={[Function]}
                            onFocus={[Function]}
                            onKeyPress={[Function]}
                            path="path.to.input"
                            placeholder={null}
                            preText={null}
                            reset={false}
                            size={null}
                            svgIcon={null}
                            thousandSeprator={false}
                            tickIcon={false}
                            type="password"
                            value=""
                          >
                            <InputGroup
                              className="create-password__input "
                              size={null}
                            >
                              <div
                                className="create-password__input  input-group"
                              >
                                <FormControl
                                  className="hd-text-input__form-control"
                                  data-testid="text-input"
                                  disabled={false}
                                  id="create-password-password-input"
                                  inputMode={null}
                                  maxLength={null}
                                  name="pass"
                                  onBlur={[Function]}
                                  onChange={[Function]}
                                  onFocus={[Function]}
                                  onKeyPress={[Function]}
                                  path="path.to.input"
                                  placeholder={null}
                                  type="password"
                                  value=""
                                >
                                  <input
                                    className="hd-text-input__form-control form-control"
                                    data-testid="text-input"
                                    disabled={false}
                                    id="create-password-password-input"
                                    inputMode={null}
                                    maxLength={null}
                                    name="pass"
                                    onBlur={[Function]}
                                    onChange={[Function]}
                                    onFocus={[Function]}
                                    onKeyPress={[Function]}
                                    path="path.to.input"
                                    placeholder={null}
                                    type="password"
                                    value=""
                                  />
                                </FormControl>
                                <InputGroupAppend
                                  className="hd-text-input__input-group__append"
                                >
                                  <div
                                    className="hd-text-input__input-group__append input-group-append"
                                  >
                                    <InputGroupText
                                      className="hd-text-input__input-group__append__text"
                                    >
                                      <span
                                        className="hd-text-input__input-group__append__text input-group-text"
                                      >
                                        <img
                                          alt=""
                                          onClick={[Function]}
                                          src="Icons_Eye-on.svg"
                                        />
                                      </span>
                                    </InputGroupText>
                                  </div>
                                </InputGroupAppend>
                                <i
                                  className="fa fa-exclamation exclam hd-text-input__exclam"
                                />
                              </div>
                            </InputGroup>
                          </ForwardRef>
                        </ForwardRef>
                        <div
                          className="create-password__strength-bar create-password__strength-bar--setundefined d-none"
                        >
                          <div
                            className="create-password__current-strength create-password__current-strength--undefined"
                          />
                        </div>
                        <HDInfoCardRefactor
                          className="create-password__info-card"
                          id="create-password-info-card"
                          image="tip_circle_purple.svg"
                          isRight={false}
                          notes={null}
                          paragraphs={
                            Array [
                              "Your password should be easy to remember (but hard to guess).
Consider using:",
                              <ul
                                className="create-password__info-card__list mb-2"
                              >
                                <li>
                                  <span>
                                    uncommon words
                                  </span>
                                </li>
                                <li>
                                  <span>
                                    unpredictable uPPercaSing
                                  </span>
                                </li>
                                <li>
                                  <span>
                                    Kreativ spellin
                                  </span>
                                </li>
                                <li>
                                  <span>
                                    less obvious numb8rs or symb#ls
                                  </span>
                                </li>
                              </ul>,
                            ]
                          }
                          size="thin"
                          theme="light"
                          title={null}
                        >
                          <div
                            className="info-card left info-card--light info-card--thin create-password__info-card"
                            id="create-password-info-card"
                          >
                            <img
                              alt="info-card"
                              className="info-card__icon"
                              src="tip_circle_purple.svg"
                            />
                            <p
                              className="info-card__paragraph paragraph_0"
                              key="0"
                            >
                              Your password should be easy to remember (but hard to guess).
Consider using:
                            </p>
                            <p
                              className="info-card__paragraph paragraph_1"
                              key="1"
                            >
                              <ul
                                className="create-password__info-card__list mb-2"
                              >
                                <li>
                                  <span>
                                    uncommon words
                                  </span>
                                </li>
                                <li>
                                  <span>
                                    unpredictable uPPercaSing
                                  </span>
                                </li>
                                <li>
                                  <span>
                                    Kreativ spellin
                                  </span>
                                </li>
                                <li>
                                  <span>
                                    less obvious numb8rs or symb#ls
                                  </span>
                                </li>
                              </ul>
                            </p>
                          </div>
                        </HDInfoCardRefactor>
                        <ForwardRef
                          className="theme-white margin-top-md create-password__continue-btn"
                          disabled={true}
                          id="create-password-continue-btn"
                          label="Continue"
                          onBeforeOpen={null}
                          onBlur={null}
                          onCancel={null}
                          onChange={null}
                          onClick={[Function]}
                          onConfirm={null}
                          onDelete={null}
                          onEdit={null}
                          onFocus={null}
                          onSelect={null}
                          webAnalyticsEvent={
                            Object {
                              "event_action": "Continue - Redirecting from: HastingsDirectCreatePassword",
                            }
                          }
                        >
                          <HDButtonRefactor
                            className="theme-white margin-top-md create-password__continue-btn"
                            disabled={true}
                            fullWidth={false}
                            id="create-password-continue-btn"
                            label="Continue"
                            onClick={[Function]}
                            onKeyPress={null}
                            size={null}
                            type="button"
                            variant="primary"
                          >
                            <Button
                              active={false}
                              block={false}
                              className="hd-btn hd-btn-primary theme-white margin-top-md create-password__continue-btn"
                              disabled={true}
                              id="create-password-continue-btn"
                              onClick={[Function]}
                              onKeyPress={null}
                              size={null}
                              type="button"
                              variant="primary"
                            >
                              <button
                                className="hd-btn hd-btn-primary theme-white margin-top-md create-password__continue-btn btn btn-primary"
                                disabled={true}
                                id="create-password-continue-btn"
                                onClick={[Function]}
                                onKeyPress={null}
                                type="button"
                              >
                                Continue
                              </button>
                            </Button>
                          </HDButtonRefactor>
                        </ForwardRef>
                      </div>
                    </div>
                  </div>
                </Col>
                <Col
                  className="px-mobile-0 create-password__my-acc-col"
                  md={5}
                  xs={12}
                >
                  <div
                    className="px-mobile-0 create-password__my-acc-col col-md-5 col-12"
                  >
                    <div
                      className="elevated-box create-password__my-acc-container"
                    >
                      <HDLabelRefactor
                        Tag="h2"
                        adjustImagePosition={true}
                        className="mt-0 create-password__my-acc__header"
                        id="create-password-my-acc-header"
                        text="MyAccount"
                      >
                        <h2
                          className="mt-0 create-password__my-acc__header"
                          id="create-password-my-acc-header"
                        >
                          MyAccount
                        </h2>
                      </HDLabelRefactor>
                      <HDLabelRefactor
                        Tag="h5"
                        adjustImagePosition={true}
                        className="create-password__my-acc__subheader"
                        id="create-password-my-acc-subheader"
                        text="Don't forget to try the app and MyAccount!"
                      >
                        <h5
                          className="create-password__my-acc__subheader"
                          id="create-password-my-acc-subheader"
                        >
                          Don't forget to try the app and MyAccount!
                        </h5>
                      </HDLabelRefactor>
                      <HDLabelRefactor
                        Tag="h5"
                        adjustImagePosition={true}
                        className="create-password__my-acc__subheader"
                        id="create-password-my-acc-subheader"
                        text="It's the hassle-free way to manage your insurance. You can:"
                      >
                        <h5
                          className="create-password__my-acc__subheader"
                          id="create-password-my-acc-subheader"
                        >
                          It's the hassle-free way to manage your insurance. You can:
                        </h5>
                      </HDLabelRefactor>
                      <ul
                        className="pad-inl-start-sm mb-0"
                      >
                        <li>
                          Make policy changes
                        </li>
                        <li>
                          Manage your payments
                        </li>
                        <li>
                          Report or track a claim
                        </li>
                        <li>
                          View and download documents
                        </li>
                      </ul>
                    </div>
                  </div>
                </Col>
              </div>
            </Row>
          </div>
        </Container>
      </HDCreatePasswordPage>
    </Connect(HDCreatePasswordPage)>
  </Provider>
</Component>
`;
