// Jest Snapshot v1, https://goo.gl/fbAQLP

exports[`<HDPolicyFeaturesInfoPopup /> should render correctly 1`] = `
<Provider
  store={
    Object {
      "clearActions": [Function],
      "dispatch": [Function],
      "getActions": [Function],
      "getState": [Function],
      "replaceReducer": [Function],
      "subscribe": [Function],
    }
  }
>
  <HDPolicyFeaturesInfoPopup
    pageMetadata={
      Object {
        "page_name": "test",
        "page_type": "test",
        "sales_journey_type": "multi_car",
      }
    }
  >
    <ForwardRef
      id="popup-policy-features"
      onBeforeOpen={null}
      overlayButtonIcon={
        <i
          className="fas fa-info-circle"
        />
      }
      webAnalyticsEvent={
        Object {
          "event_action": "More information about each of features",
        }
      }
      webAnalyticsView={
        Object {
          "page_name": "test",
          "page_section": "More information about each of features",
          "page_type": "test",
          "sales_journey_type": "multi_car",
        }
      }
    >
      <ForwardRef
        id="popup-policy-features"
        onBeforeOpen={[Function]}
        onBlur={null}
        onCancel={null}
        onChange={null}
        onClick={null}
        onConfirm={null}
        onDelete={null}
        onEdit={null}
        onFocus={null}
        onSelect={null}
        overlayButtonIcon={
          <i
            className="fas fa-info-circle"
          />
        }
        webAnalyticsEvent={
          Object {
            "event_action": "More information about each of features",
          }
        }
      >
        <HDOverlayPopup
          cancelButton="Cancel"
          className=""
          closeOnSelect={false}
          confirmButton="Confirm"
          customStyle=""
          disabledConfirmButton={false}
          headerBar={null}
          hidden={false}
          hideOnConfirm={true}
          id="popup-policy-features"
          labelText=""
          onBeforeClose={[Function]}
          onBeforeOpen={[Function]}
          onCancel={[Function]}
          onConfirm={[Function]}
          overlayButtonIcon={
            <i
              className="fas fa-info-circle"
            />
          }
          overlayButtonsClassName=""
          showButtons={false}
        >
          <div
            className="hd-information-tooltip "
          >
            <div
              className="hd-overlay-btn "
              hidden={false}
              id="popup-policy-features"
              onClick={[Function]}
            >
              <i
                className="fas fa-info-circle"
              />
            </div>
          </div>
        </HDOverlayPopup>
      </ForwardRef>
    </ForwardRef>
  </HDPolicyFeaturesInfoPopup>
</Provider>
`;

exports[`<HDPolicyFeaturesInfoPopup /> should render correctly and match the snapshot 1`] = `
<Provider
  store={
    Object {
      "clearActions": [Function],
      "dispatch": [Function],
      "getActions": [Function],
      "getState": [Function],
      "replaceReducer": [Function],
      "subscribe": [Function],
    }
  }
>
  <HDPolicyFeaturesInfoPopup
    pageMetadata={
      Object {
        "page_name": "test",
        "page_type": "test",
        "sales_journey_type": "multi_car",
      }
    }
  >
    <ForwardRef
      id="popup-policy-features"
      onBeforeOpen={null}
      overlayButtonIcon={
        <i
          className="fas fa-info-circle"
        />
      }
      webAnalyticsEvent={
        Object {
          "event_action": "More information about each of features",
        }
      }
      webAnalyticsView={
        Object {
          "page_name": "test",
          "page_section": "More information about each of features",
          "page_type": "test",
          "sales_journey_type": "multi_car",
        }
      }
    >
      <ForwardRef
        id="popup-policy-features"
        onBeforeOpen={[Function]}
        onBlur={null}
        onCancel={null}
        onChange={null}
        onClick={null}
        onConfirm={null}
        onDelete={null}
        onEdit={null}
        onFocus={null}
        onSelect={null}
        overlayButtonIcon={
          <i
            className="fas fa-info-circle"
          />
        }
        webAnalyticsEvent={
          Object {
            "event_action": "More information about each of features",
          }
        }
      >
        <HDOverlayPopup
          cancelButton="Cancel"
          className=""
          closeOnSelect={false}
          confirmButton="Confirm"
          customStyle=""
          disabledConfirmButton={false}
          headerBar={null}
          hidden={false}
          hideOnConfirm={true}
          id="popup-policy-features"
          labelText=""
          onBeforeClose={[Function]}
          onBeforeOpen={[Function]}
          onCancel={[Function]}
          onConfirm={[Function]}
          overlayButtonIcon={
            <i
              className="fas fa-info-circle"
            />
          }
          overlayButtonsClassName=""
          showButtons={false}
        >
          <div
            className="hd-information-tooltip "
          >
            <div
              className="hd-overlay-btn "
              hidden={false}
              id="popup-policy-features"
              onClick={[Function]}
            >
              <i
                className="fas fa-info-circle"
              />
            </div>
          </div>
        </HDOverlayPopup>
      </ForwardRef>
    </ForwardRef>
  </HDPolicyFeaturesInfoPopup>
</Provider>
`;
