// Jest Snapshot v1, https://goo.gl/fbAQLP

exports[`<HDDatePicker /> render component with children 1`] = `
<div
  className=" hastings-date-control hastings-date-control-dark"
  id="hastingDateControl"
>
  <div
    className="hastings-date-fields"
  >
    <div
      className="fields"
    >
      <div>
        <input
          className="hastings-date-dd"
          id="hastingDateControlDay"
          max="31"
          min="1"
          name="day"
          onBlur={[Function]}
          onChange={[Function]}
          pattern="/[^0-9]/g"
          placeholder="DD"
          type="string"
          value=""
        />
      </div>
      <div>
        <input
          className="hastings-date-mm"
          id="hastingDateControlMonth"
          max="12"
          min="1"
          name="month"
          onBlur={[Function]}
          onChange={[Function]}
          pattern="/[^0-9]/g"
          placeholder="MM"
          type="string"
          value=""
        />
      </div>
      <div>
        <input
          className="hastings-date-yyyy"
          id="hastingDateControlYear"
          name="year"
          onBlur={[Function]}
          onChange={[Function]}
          pattern="/[^0-9]/g"
          placeholder="YYYY"
          type="string"
          value=""
        />
      </div>
    </div>
    <div
      className="hastings-cal-icon"
      hidden={false}
    >
      <HDOverlayPopup
        cancelButton="Cancel"
        className=""
        closeOnSelect={false}
        confirmButton="Confirm"
        customStyle=""
        disabledConfirmButton={false}
        headerBar={null}
        hidden={false}
        hideOnConfirm={true}
        id="hastingsDatePickerlOverlay"
        labelText=""
        onBeforeClose={[Function]}
        onBeforeOpen={[Function]}
        onCancel={[Function]}
        onConfirm={[Function]}
        overlayButtonIcon={
          <img
            alt="Icons_Calendar_img"
            onClick={[Function]}
            src="Icons_Calendar.svg"
          />
        }
        overlayButtonsClassName=""
        showButtons={false}
      >
        <div
          className="datepickerroverlaycontainer"
          id="datePickerOverlayContainer"
        >
          <p
            className="datepickerroverlayheader"
            id="datePickerStartDate"
          >
            Start Date
          </p>
          <DatePicker
            allowSameDay={false}
            dateFormat="dd/MM/yyyy"
            dateFormatCalendar="LLLL yyyy"
            disabled={false}
            disabledKeyboardNavigation={false}
            dropdownMode="scroll"
            id=""
            inline={true}
            maxDate={2020-12-14T10:24:04.395Z}
            minDate={2019-12-15T10:24:04.395Z}
            monthsShown={1}
            nextMonthButtonLabel="Next month"
            onBlur={[Function]}
            onChange={[Function]}
            onClickOutside={[Function]}
            onFocus={[Function]}
            onInputClick={[Function]}
            onInputError={[Function]}
            onKeyDown={[Function]}
            onMonthChange={[Function]}
            onSelect={[Function]}
            onYearChange={[Function]}
            preventOpenOnFocus={false}
            previousMonthButtonLabel="Previous Month"
            readOnly={false}
            renderDayContents={[Function]}
            shouldCloseOnSelect={true}
            showTimeSelect={false}
            timeCaption="Time"
            timeIntervals={30}
            withPortal={false}
          />
        </div>
      </HDOverlayPopup>
    </div>
  </div>
</div>
`;

exports[`<HDDatePicker /> render component with default date 1`] = `
<div
  className=" hastings-date-control hastings-date-control-dark"
  id="hastingDateControl"
>
  <div
    className="hastings-date-fields"
  >
    <div
      className="fields"
    >
      <div>
        <input
          className="hastings-date-dd"
          id="hastingDateControlDay"
          max="31"
          min="1"
          name="day"
          onBlur={[Function]}
          onChange={[Function]}
          pattern="/[^0-9]/g"
          placeholder="DD"
          type="string"
          value=""
        />
      </div>
      <div>
        <input
          className="hastings-date-mm"
          id="hastingDateControlMonth"
          max="12"
          min="1"
          name="month"
          onBlur={[Function]}
          onChange={[Function]}
          pattern="/[^0-9]/g"
          placeholder="MM"
          type="string"
          value=""
        />
      </div>
      <div>
        <input
          className="hastings-date-yyyy"
          id="hastingDateControlYear"
          name="year"
          onBlur={[Function]}
          onChange={[Function]}
          pattern="/[^0-9]/g"
          placeholder="YYYY"
          type="string"
          value=""
        />
      </div>
    </div>
    <div
      className="hastings-cal-icon"
      hidden={false}
    >
      <HDOverlayPopup
        cancelButton="Cancel"
        className=""
        closeOnSelect={false}
        confirmButton="Confirm"
        customStyle=""
        disabledConfirmButton={false}
        headerBar={null}
        hidden={false}
        hideOnConfirm={true}
        id="hastingsDatePickerlOverlay"
        labelText=""
        onBeforeClose={[Function]}
        onBeforeOpen={[Function]}
        onCancel={[Function]}
        onConfirm={[Function]}
        overlayButtonIcon={
          <img
            alt="Icons_Calendar_img"
            onClick={[Function]}
            src="Icons_Calendar.svg"
          />
        }
        overlayButtonsClassName=""
        showButtons={false}
      >
        <div
          className="datepickerroverlaycontainer"
          id="datePickerOverlayContainer"
        >
          <p
            className="datepickerroverlayheader"
            id="datePickerStartDate"
          >
            Start Date
          </p>
          <DatePicker
            allowSameDay={false}
            dateFormat="dd/MM/yyyy"
            dateFormatCalendar="LLLL yyyy"
            disabled={false}
            disabledKeyboardNavigation={false}
            dropdownMode="scroll"
            id=""
            inline={true}
            maxDate={2020-12-14T10:24:04.395Z}
            minDate={2019-12-15T10:24:04.395Z}
            monthsShown={1}
            nextMonthButtonLabel="Next month"
            onBlur={[Function]}
            onChange={[Function]}
            onClickOutside={[Function]}
            onFocus={[Function]}
            onInputClick={[Function]}
            onInputError={[Function]}
            onKeyDown={[Function]}
            onMonthChange={[Function]}
            onSelect={[Function]}
            onYearChange={[Function]}
            preventOpenOnFocus={false}
            previousMonthButtonLabel="Previous Month"
            readOnly={false}
            renderDayContents={[Function]}
            shouldCloseOnSelect={true}
            showTimeSelect={false}
            timeCaption="Time"
            timeIntervals={30}
            withPortal={false}
          />
        </div>
      </HDOverlayPopup>
    </div>
  </div>
</div>
`;

exports[`<HDDatePicker /> render component with max date 1`] = `
<div
  className=" hastings-date-control hastings-date-control-dark"
  id="hastingDateControl"
>
  <div
    className="hastings-date-fields"
  >
    <div
      className="fields"
    >
      <div>
        <input
          className="hastings-date-dd"
          id="hastingDateControlDay"
          max="31"
          min="1"
          name="day"
          onBlur={[Function]}
          onChange={[Function]}
          pattern="/[^0-9]/g"
          placeholder="DD"
          type="string"
          value=""
        />
      </div>
      <div>
        <input
          className="hastings-date-mm"
          id="hastingDateControlMonth"
          max="12"
          min="1"
          name="month"
          onBlur={[Function]}
          onChange={[Function]}
          pattern="/[^0-9]/g"
          placeholder="MM"
          type="string"
          value=""
        />
      </div>
      <div>
        <input
          className="hastings-date-yyyy"
          id="hastingDateControlYear"
          name="year"
          onBlur={[Function]}
          onChange={[Function]}
          pattern="/[^0-9]/g"
          placeholder="YYYY"
          type="string"
          value=""
        />
      </div>
    </div>
    <div
      className="hastings-cal-icon"
      hidden={false}
    >
      <HDOverlayPopup
        cancelButton="Cancel"
        className=""
        closeOnSelect={false}
        confirmButton="Confirm"
        customStyle=""
        disabledConfirmButton={false}
        headerBar={null}
        hidden={false}
        hideOnConfirm={true}
        id="hastingsDatePickerlOverlay"
        labelText=""
        onBeforeClose={[Function]}
        onBeforeOpen={[Function]}
        onCancel={[Function]}
        onConfirm={[Function]}
        overlayButtonIcon={
          <img
            alt="Icons_Calendar_img"
            onClick={[Function]}
            src="Icons_Calendar.svg"
          />
        }
        overlayButtonsClassName=""
        showButtons={false}
      >
        <div
          className="datepickerroverlaycontainer"
          id="datePickerOverlayContainer"
        >
          <p
            className="datepickerroverlayheader"
            id="datePickerStartDate"
          >
            Start Date
          </p>
          <DatePicker
            allowSameDay={false}
            dateFormat="dd/MM/yyyy"
            dateFormatCalendar="LLLL yyyy"
            disabled={false}
            disabledKeyboardNavigation={false}
            dropdownMode="scroll"
            id=""
            inline={true}
            maxDate={2020-12-14T10:24:04.395Z}
            minDate={2019-12-15T10:24:04.395Z}
            monthsShown={1}
            nextMonthButtonLabel="Next month"
            onBlur={[Function]}
            onChange={[Function]}
            onClickOutside={[Function]}
            onFocus={[Function]}
            onInputClick={[Function]}
            onInputError={[Function]}
            onKeyDown={[Function]}
            onMonthChange={[Function]}
            onSelect={[Function]}
            onYearChange={[Function]}
            preventOpenOnFocus={false}
            previousMonthButtonLabel="Previous Month"
            readOnly={false}
            renderDayContents={[Function]}
            shouldCloseOnSelect={true}
            showTimeSelect={false}
            timeCaption="Time"
            timeIntervals={30}
            withPortal={false}
          />
        </div>
      </HDOverlayPopup>
    </div>
  </div>
</div>
`;

exports[`<HDDatePicker /> render component with min date 1`] = `
<div
  className=" hastings-date-control hastings-date-control-dark"
  id="hastingDateControl"
>
  <div
    className="hastings-date-fields"
  >
    <div
      className="fields"
    >
      <div>
        <input
          className="hastings-date-dd"
          id="hastingDateControlDay"
          max="31"
          min="1"
          name="day"
          onBlur={[Function]}
          onChange={[Function]}
          pattern="/[^0-9]/g"
          placeholder="DD"
          type="string"
          value=""
        />
      </div>
      <div>
        <input
          className="hastings-date-mm"
          id="hastingDateControlMonth"
          max="12"
          min="1"
          name="month"
          onBlur={[Function]}
          onChange={[Function]}
          pattern="/[^0-9]/g"
          placeholder="MM"
          type="string"
          value=""
        />
      </div>
      <div>
        <input
          className="hastings-date-yyyy"
          id="hastingDateControlYear"
          name="year"
          onBlur={[Function]}
          onChange={[Function]}
          pattern="/[^0-9]/g"
          placeholder="YYYY"
          type="string"
          value=""
        />
      </div>
    </div>
    <div
      className="hastings-cal-icon"
      hidden={false}
    >
      <HDOverlayPopup
        cancelButton="Cancel"
        className=""
        closeOnSelect={false}
        confirmButton="Confirm"
        customStyle=""
        disabledConfirmButton={false}
        headerBar={null}
        hidden={false}
        hideOnConfirm={true}
        id="hastingsDatePickerlOverlay"
        labelText=""
        onBeforeClose={[Function]}
        onBeforeOpen={[Function]}
        onCancel={[Function]}
        onConfirm={[Function]}
        overlayButtonIcon={
          <img
            alt="Icons_Calendar_img"
            onClick={[Function]}
            src="Icons_Calendar.svg"
          />
        }
        overlayButtonsClassName=""
        showButtons={false}
      >
        <div
          className="datepickerroverlaycontainer"
          id="datePickerOverlayContainer"
        >
          <p
            className="datepickerroverlayheader"
            id="datePickerStartDate"
          >
            Start Date
          </p>
          <DatePicker
            allowSameDay={false}
            dateFormat="dd/MM/yyyy"
            dateFormatCalendar="LLLL yyyy"
            disabled={false}
            disabledKeyboardNavigation={false}
            dropdownMode="scroll"
            id=""
            inline={true}
            maxDate={2020-12-14T10:24:04.395Z}
            minDate={2019-12-15T10:24:04.395Z}
            monthsShown={1}
            nextMonthButtonLabel="Next month"
            onBlur={[Function]}
            onChange={[Function]}
            onClickOutside={[Function]}
            onFocus={[Function]}
            onInputClick={[Function]}
            onInputError={[Function]}
            onKeyDown={[Function]}
            onMonthChange={[Function]}
            onSelect={[Function]}
            onYearChange={[Function]}
            preventOpenOnFocus={false}
            previousMonthButtonLabel="Previous Month"
            readOnly={false}
            renderDayContents={[Function]}
            shouldCloseOnSelect={true}
            showTimeSelect={false}
            timeCaption="Time"
            timeIntervals={30}
            withPortal={false}
          />
        </div>
      </HDOverlayPopup>
    </div>
  </div>
</div>
`;
