// Jest Snapshot v1, https://goo.gl/fbAQLP

exports[`<HDDriverDetails /> render with mandatory props 1`] = `
<ContextProvider
  value={
    Object {
      "store": Object {
        "clearActions": [Function],
        "dispatch": [Function],
        "getActions": [Function],
        "getState": [Function],
        "replaceReducer": [Function],
        "subscribe": [Function],
      },
      "subscription": Subscription {
        "handleChangeWrapper": [Function],
        "listeners": Object {
          "notify": [Function],
        },
        "onStateChange": [Function],
        "parentSub": undefined,
        "store": Object {
          "clearActions": [Function],
          "dispatch": [Function],
          "getActions": [Function],
          "getState": [Function],
          "replaceReducer": [Function],
          "subscribe": [Function],
        },
        "unsubscribe": null,
      },
    }
  }
>
  <HDDriverDetails
    driver={
      Object {
        "accidence": "1 in the last 5 years",
        "convictions": "None",
        "dateOfBirth": "18/11/1980",
        "drivingLicence": "Full UK Manual, held for 16 years",
        "occupation": "Teacher",
      }
    }
  />
</ContextProvider>
`;
