// Jest Snapshot v1, https://goo.gl/fbAQLP

exports[`<HDPolicyBenefits /> render with mandatory props 1`] = `
<ContextProvider
  value={
    Object {
      "store": Object {
        "clearActions": [Function],
        "dispatch": [Function],
        "getActions": [Function],
        "getState": [Function],
        "replaceReducer": [Function],
        "subscribe": [Function],
      },
      "subscription": Subscription {
        "handleChangeWrapper": [Function],
        "listeners": Object {
          "notify": [Function],
        },
        "onStateChange": [Function],
        "parentSub": undefined,
        "store": Object {
          "clearActions": [Function],
          "dispatch": [Function],
          "getActions": [Function],
          "getState": [Function],
          "replaceReducer": [Function],
          "subscribe": [Function],
        },
        "unsubscribe": null,
      },
    }
  }
>
  <HDPolicyBenefits
    brand="Some Brand"
    policyType="Some String"
    vehicle={
      Object {
        "quoteID": "1234567890",
      }
    }
  />
</ContextProvider>
`;
